## JVM 
#### 查询接口导致服务僵死
查询资产包列表(100笔)后要对每笔资产包下的投资表进行金额统计，把每笔符合条件的投资
放到内存中进行运算统计，有一些资产包下的投资多达上万笔，总共50w。
100 * 50000 = 50w

一个对象有43 个字段 Long(8)-> 28 = 240 Integer(4) -> 13= 50 总三百字节,
加上对象头和剩下两个三个字段 350个字节 350 * 8 = 3000Byte = 3Kb
50w * 3Kb = 3M * 500 = 1.5g

当时内存大小设置为 256 M 垃圾回收的时候 没有内存可以回收。

```$xslt
Caused by: java.lang.OutOfMemoryError: GC overhead limit exceeded
```
解决:
1. 修改代码将投资表的金额统计放到 MySQL 中进行。
2. 调大服务的内存

#### gc 日志
在短时间内频繁的发起gc

```$xslt
2021-03-05T21:04:01.107+0800: 620786.513: Total time for which application threads were stopped: 0.1422346 seconds, Stopping threads took: 0.0000533 seconds
2021-03-05T21:04:01.257+0800: 620786.663: [GC (Allocation Failure) [PSYoungGen: 29696K->18969K(58368K)] 134046K->123319K(233472K), 0.0063422 secs] [Times: user=0.04 sys=0.00, real=0.01 secs]
2021-03-05T21:04:01.264+0800: 620786.670: Total time for which application threads were stopped: 0.0067145 seconds, Stopping threads took: 0.0000470 seconds
2021-03-05T21:04:01.311+0800: 620786.717: [GC (Allocation Failure) [PSYoungGen: 48665K->3776K(58368K)] 153015K->127055K(233472K), 0.0124352 secs] [Times: user=0.08 sys=0.00, real=0.01 secs]
2021-03-05T21:04:01.324+0800: 620786.730: Total time for which application threads were stopped: 0.0127191 seconds, Stopping threads took: 0.0000347 seconds
2021-03-05T21:04:01.367+0800: 620786.773: [GC (Allocation Failure) [PSYoungGen: 33472K->3766K(58368K)] 156751K->130726K(233472K), 0.0055961 secs] [Times: user=0.03 sys=0.00, real=0.01 secs]
2021-03-05T21:04:01.373+0800: 620786.779: Total time for which application threads were stopped: 0.0059653 seconds, Stopping threads took: 0.0000298 seconds
2021-03-05T21:04:01.420+0800: 620786.826: [GC (Allocation Failure) [PSYoungGen: 33462K->3762K(58368K)] 160422K->134377K(233472K), 0.0054129 secs] [Times: user=0.03 sys=0.00, real=0.00 secs]
2021-03-05T21:04:01.425+0800: 620786.831: Total time for which application threads were stopped: 0.0056933 seconds, Stopping threads took: 0.0000358 seconds
2021-03-05T21:04:01.471+0800: 620786.877: [GC (Allocation Failure) [PSYoungGen: 33458K->3835K(58368K)] 164073K->138075K(233472K), 0.0053227 secs] [Times: user=0.03 sys=0.00, real=0.00 secs]
2021-03-05T21:04:01.476+0800: 620786.882: Total time for which application threads were stopped: 0.0056170 seconds, Stopping threads took: 0.0000346 seconds
2021-03-05T21:04:01.522+0800: 620786.928: [GC (Allocation Failure) [PSYoungGen: 33531K->3712K(58368K)] 167771K->141715K(233472K), 0.0058445 secs] [Times: user=0.03 sys=0.00, real=0.00 secs]
2021-03-05T21:04:01.528+0800: 620786.934: Total time for which application threads were stopped: 0.0061607 seconds, Stopping threads took: 0.0000318 seconds
2021-03-05T21:04:01.573+0800: 620786.979: [GC (Allocation Failure) [PSYoungGen: 33407K->3712K(57344K)] 171410K->145363K(232448K), 0.0080343 secs] [Times: user=0.05 sys=0.00, real=0.01 secs]
2021-03-05T21:04:01.581+0800: 620786.987: Total time for which application threads were stopped: 0.0083777 seconds, Stopping threads took: 0.0000762 seconds
2021-03-05T21:04:01.657+0800: 620787.063: [GC (Allocation Failure) [PSYoungGen: 33408K->11993K(57856K)] 175059K->153644K(232960K), 0.0055255 secs] [Times: user=0.03 sys=0.00, real=0.01 secs]
2021-03-05T21:04:01.662+0800: 620787.068: Total time for which application threads were stopped: 0.0059274 seconds, Stopping threads took: 0.0000431 seconds
2021-03-05T21:04:01.784+0800: 620787.190: [GC (Allocation Failure) [PSYoungGen: 41689K->27627K(57344K)] 183340K->176350K(232448K), 0.0146964 secs] [Times: user=0.10 sys=0.00, real=0.02 secs]
2021-03-05T21:04:01.799+0800: 620787.205: Total time for which application threads were stopped: 0.0150500 seconds, Stopping threads took: 0.0000574 seconds
2021-03-05T21:04:01.846+0800: 620787.252: [GC (Allocation Failure) [PSYoungGen: 57323K->28539K(58368K)] 206046K->183495K(233472K), 0.0105361 secs] [Times: user=0.08 sys=0.00, real=0.01 secs]
2021-03-05T21:04:01.856+0800: 620787.262: Total time for which application threads were stopped: 0.0108808 seconds, Stopping threads took: 0.0000461 seconds
2021-03-05T21:04:01.899+0800: 620787.305: [GC (Allocation Failure) --[PSYoungGen: 58235K->58235K(58368K)] 213191K->233339K(233472K), 0.0291689 secs] [Times: user=0.11 sys=0.02, real=0.02 secs
]
2021-03-05T21:04:01.928+0800: 620787.334: [Full GC (Ergonomics) [PSYoungGen: 58235K->0K(58368K)] [ParOldGen: 175103K->111781K(175104K)] 233339K->111781K(233472K), [Metaspace: 95252K->95229K(1
136640K)], 0.1347581 secs] [Times: user=0.56 sys=0.00, real=0.14 secs]
2021-03-05T21:04:02.063+0800: 620787.469: Total time for which application threads were stopped: 0.1643739 seconds, Stopping threads took: 0.0000429 seconds
2021-03-05T21:04:02.107+0800: 620787.513: [GC (Allocation Failure) [PSYoungGen: 29696K->3826K(58368K)] 141477K->115607K(233472K), 0.0043276 secs] [Times: user=0.03 sys=0.00, real=0.01 secs]
2021-03-05T21:04:02.111+0800: 620787.517: Total time for which application threads were stopped: 0.0047004 seconds, Stopping threads took: 0.0000488 seconds
2021-03-05T21:04:02.154+0800: 620787.560: [GC (Allocation Failure) [PSYoungGen: 33522K->3712K(58368K)] 145303K->119215K(233472K), 0.0053400 secs] [Times: user=0.03 sys=0.00, real=0.01 secs]
2021-03-05T21:04:02.159+0800: 620787.565: Total time for which application threads were stopped: 0.0056970 seconds, Stopping threads took: 0.0000556 seconds
2021-03-05T21:04:02.233+0800: 620787.639: [GC (Allocation Failure) [PSYoungGen: 33408K->8411K(58368K)] 148911K->127547K(233472K), 0.0073716 secs] [Times: user=0.03 sys=0.00, real=0.01 secs]
2021-03-05T21:04:02.240+0800: 620787.646: Total time for which application threads were stopped: 0.0078307 seconds, Stopping threads took: 0.0000632 seconds
2021-03-05T21:04:02.301+0800: 620787.707: [GC (Allocation Failure) [PSYoungGen: 38107K->3200K(58368K)] 157243K->124939K(233472K), 0.0042569 secs] [Times: user=0.02 sys=0.00, real=0.00 secs]
2021-03-05T21:04:02.305+0800: 620787.711: Total time for which application threads were stopped: 0.0047494 seconds, Stopping threads took: 0.0000458 seconds
2021-03-05T21:04:02.367+0800: 620787.773: [GC (Allocation Failure) [PSYoungGen: 32896K->9092K(58368K)] 154635K->133968K(233472K), 0.0055185 secs] [Times: user=0.03 sys=0.00, real=0.01 secs]
2021-03-05T21:04:02.372+0800: 620787.778: Total time for which application threads were stopped: 0.0058737 seconds, Stopping threads took: 0.0000455 seconds
2021-03-05T21:04:02.438+0800: 620787.844: [GC (Allocation Failure) [PSYoungGen: 38788K->2720K(58368K)] 163664K->134000K(233472K), 0.0051736 secs] [Times: user=0.03 sys=0.00, real=0.01 secs]
2021-03-05T21:04:02.443+0800: 620787.849: Total time for which application threads were stopped: 0.0055205 seconds, Stopping threads took: 0.0000381 seconds
2021-03-05T21:04:02.517+0800: 620787.923: [GC (Allocation Failure) [PSYoungGen: 32416K->11780K(58368K)] 163696K->145716K(233472K), 0.0069493 secs] [Times: user=0.04 sys=0.00, real=0.01 secs]
2021-03-05T21:04:02.524+0800: 620787.930: Total time for which application threads were stopped: 0.0073376 seconds, Stopping threads took: 0.0000550 seconds
2021-03-05T21:04:02.570+0800: 620787.976: [GC (Allocation Failure) [PSYoungGen: 41476K->3748K(58368K)] 175412K->149409K(233472K), 0.0093942 secs] [Times: user=0.06 sys=0.00, real=0.01 secs]
2021-03-05T21:04:02.579+0800: 620787.985: Total time for which application threads were stopped: 0.0097113 seconds, Stopping threads took: 0.0000396 seconds
```

如果是GC引发的STW，这条内容会紧挨着出现在GC log的下面

```$xslt
2021-03-05T21:04:03.364+0800: 620788.770: [Full GC (Ergonomics)
七十次左右： [GC (Allocation Failure)

2021-03-05T21:04:06.211+0800: 620791.617: [Full GC (Ergonomics)

```

然后基本每秒都会执行一次 full gc


